// Jest Snapshot v1, https://goo.gl/fbAQLP

exports[`Navbar renders properly 1`] = `
<nav
  class="navbar navbar-expand-lg navbar-light bg-light"
>
  <div
    className="black"
  >
    <a
      class="navbar-brand"
    >
      Yummy Recipes
    </a>
  </div>
  <button
    aria-controls="navbarSupportedContent"
    aria-expanded="false"
    aria-label="Toggle navigation"
    class="navbar-toggler"
    data-target="#navbarSupportedContent"
    data-toggle="collapse"
    type="button"
  >
    <span
      class="navbar-toggler-icon"
    />
  </button>
  <div
    class="collapse navbar-collapse"
    id="navbarSupportedContent"
  >
    <ul
      class="navbar-nav mr-auto"
    >
      <li
        class="nav-item active"
      >
        <a
          class="nav-link"
          className="btn btn-light"
          href="/categories"
        >
          Categories
          <span
            class="sr-only"
          >
            (current)
          </span>
        </a>
      </li>
    </ul>
    <Profile />
    <withRouter(Logout) />
  </div>
</nav>
`;
