// Jest Snapshot v1, https://goo.gl/fbAQLP

exports[`PageNotFound renders properly 1`] = `
<h1>
   Page Not Found 
</h1>
`;
