// Jest Snapshot v1, https://goo.gl/fbAQLP

exports[`Pagination renders properly 1`] = `
<div>
  <div
    className="pagination-title"
  >
    Pages:
  </div>
  <div
    className="pagination"
  />
</div>
`;
