// Jest Snapshot v1, https://goo.gl/fbAQLP

exports[`PrivateRoute renders properly 1`] = `
<Route
  render={[Function]}
/>
`;
