// Jest Snapshot v1, https://goo.gl/fbAQLP

exports[`Profile renders properly 1`] = `
<div
  className="purple"
>
  <i
    class="fas fa-user-circle"
  />
</div>
`;
