// Jest Snapshot v1, https://goo.gl/fbAQLP

exports[`ResetPassword renders properly 1`] = `
<div
  className="form-margin"
>
  <h2>
    Reset Password
  </h2>
  <br />
  <form
    onSubmit={[Function]}
  >
    <div
      className="form-group"
    >
      <h4>
        <label
          htmlFor="email"
        >
          Email:
        </label>
        <br />
      </h4>
      <input
        name="email"
        onChange={[Function]}
        type="email"
        value=""
      />
    </div>
    <div
      className="form-group"
    >
      <h4>
        <label
          htmlFor="password"
        >
          New Password:
        </label>
        <br />
      </h4>
      <input
        name="new_password"
        onChange={[Function]}
        type="password"
        value=""
      />
    </div>
    <div
      className="form-group"
    >
      <h4>
        <label
          htmlFor="confirmpassword"
        >
          Confirm New Password:
        </label>
        <br />
      </h4>
      <input
        name="confirm_new_password"
        onChange={[Function]}
        type="password"
        value=""
      />
    </div>
    <div>
      <button
        className="btn btn-outline-warning"
        type="submit"
      >
        Reset Password
      </button>
    </div>
    <br />
    <br />
  </form>
  <footer>
    <p
      class="copyright text-muted small footer"
    >
      Copyright Â© Gela 2018.
    </p>
  </footer>
</div>
`;
